[backblue.gif]
[fade.gif]
[index.html]
[dxsale.zone/app/v2_9/defipresale-saleID=2088-chain=BSC/js/jquery-min.js]
[cdnjs.cloudflare.com/ajax/libs/popper.js/2.9.2/umd/popper.min.js]
[cdnjs.cloudflare.com/ajax/libs/twitter-bootstrap/4.5.2/js/bootstrap.min.js]
[dxsale.zone/app/v2_9/defipresale-saleID=2088-chain=BSC/js/owl.carousel.js]
[dxsale.zone/app/v2_9/defipresale-saleID=2088-chain=BSC/js/jquery.mixitup.js]
[dxsale.zone/app/v2_9/defipresale-saleID=2088-chain=BSC/js/jquery.nav.js]
[dxsale.zone/app/v2_9/defipresale-saleID=2088-chain=BSC/js/jquery.easing.min.js]
[dxsale.zone/app/v2_9/defipresale-saleID=2088-chain=BSC/js/wow.js]
[dxsale.zone/app/v2_9/defipresale-saleID=2088-chain=BSC/js/jquery.counterup.min.js]
[dxsale.zone/app/v2_9/defipresale-saleID=2088-chain=BSC/js/nivo-lightbox.js]
[dxsale.zone/app/v2_9/defipresale-saleID=2088-chain=BSC/js/jquery.magnific-popup.min.js]
[dxsale.zone/app/v2_9/defipresale-saleID=2088-chain=BSC/js/waypoints.min.js]
[cdnjs.cloudflare.com/ajax/libs/web3/3.0.0-rc.5/web3.min.js]
[dxsale.zone/app/v2_9/defipresale-saleID=2088-chain=BSC/js/main.js]
[dxsale.zone/app/v2_9/defipresale-saleID=2088-chain=BSC/img/logo.png]
[dxsale.zone/app/v2_9/defipresale-saleID=2088-chain=BSC/index.html]
